// Jest Snapshot v1, https://goo.gl/fbAQLP

exports[`Pagination renders correctly 1`] = `
<DocumentFragment>
  <div
    class="flex justify-center items-center gap-2 mb-6"
  >
    <button
      class="p-2 rounded-lg bg-blue-900 text-white hover:bg-blue-800"
    >
      <svg
        aria-hidden="true"
        class="lucide lucide-chevrons-left"
        fill="none"
        height="20"
        stroke="currentColor"
        stroke-linecap="round"
        stroke-linejoin="round"
        stroke-width="2"
        viewBox="0 0 24 24"
        width="20"
        xmlns="http://www.w3.org/2000/svg"
      >
        <path
          d="m11 17-5-5 5-5"
        />
        <path
          d="m18 17-5-5 5-5"
        />
      </svg>
    </button>
    <button
      class="p-2 rounded-lg bg-blue-900 text-white hover:bg-blue-800"
    >
      <svg
        aria-hidden="true"
        class="lucide lucide-chevron-left"
        fill="none"
        height="20"
        stroke="currentColor"
        stroke-linecap="round"
        stroke-linejoin="round"
        stroke-width="2"
        viewBox="0 0 24 24"
        width="20"
        xmlns="http://www.w3.org/2000/svg"
      >
        <path
          d="m15 18-6-6 6-6"
        />
      </svg>
    </button>
    <span>
      Page 
      <b>
        2
      </b>
       of 3
    </span>
    <button
      class="p-2 rounded-lg bg-blue-900 text-white hover:bg-blue-800"
    >
      <svg
        aria-hidden="true"
        class="lucide lucide-chevron-right"
        fill="none"
        height="20"
        stroke="currentColor"
        stroke-linecap="round"
        stroke-linejoin="round"
        stroke-width="2"
        viewBox="0 0 24 24"
        width="20"
        xmlns="http://www.w3.org/2000/svg"
      >
        <path
          d="m9 18 6-6-6-6"
        />
      </svg>
    </button>
    <button
      class="p-2 rounded-lg bg-blue-900 text-white hover:bg-blue-800"
    >
      <svg
        aria-hidden="true"
        class="lucide lucide-chevrons-right"
        fill="none"
        height="20"
        stroke="currentColor"
        stroke-linecap="round"
        stroke-linejoin="round"
        stroke-width="2"
        viewBox="0 0 24 24"
        width="20"
        xmlns="http://www.w3.org/2000/svg"
      >
        <path
          d="m6 17 5-5-5-5"
        />
        <path
          d="m13 17 5-5-5-5"
        />
      </svg>
    </button>
  </div>
</DocumentFragment>
`;
