// Jest Snapshot v1, https://goo.gl/fbAQLP

exports[`ThemeToggle renders correctly 1`] = `
<DocumentFragment>
  <button
    aria-label="Toggle theme"
    class="p-2 rounded border focus:outline focus:ring"
  >
    Light
  </button>
</DocumentFragment>
`;
