// Jest Snapshot v1, https://goo.gl/fbAQLP

exports[`PokemonModal renders correctly 1`] = `<DocumentFragment />`;
